---
source: processor/src/fast/tests/masm_consistency.rs
expression: fast_stack_outputs
---
StackOutputs {
    elements: [
        5960383229380972177,
        10171004633965105861,
        8161393905520740942,
        10163579776115119470,
        0,
        0,
        0,
        0,
        0,
        0,
        0,
        0,
        0,
        0,
        0,
        0,
    ],
}
