---
source: processor/src/fast/tests/all_ops.rs
expression: fast_stack_outputs
---
Ok(
    StackOutputs {
        elements: [
            1,
            2,
            3,
            4,
            5,
            6,
            7,
            8,
            10596289977943841952,
            5664576606007271766,
            10066789380033491623,
            6091179895314993303,
            0,
            0,
            0,
            0,
        ],
    },
)
