---
source: processor/src/fast/tests/all_ops.rs
expression: fast_stack_outputs
---
Ok(
    StackOutputs {
        elements: [
            1,
            2,
            3,
            4,
            5,
            6,
            7,
            8,
            13393770020560679184,
            13970566448096543485,
            9423560849547197589,
            14989018254281873195,
            0,
            0,
            0,
            0,
        ],
    },
)
