---
source: processor/src/fast/tests/all_ops.rs
expression: fast_stack_outputs
---
Err(
    AceChipError {
        label: SourceSpan {
            source: Session(
                SourceId {
                    namespace: SourceNamespace(
                        None,
                    ),
                    local: 4294967295,
                },
            ),
            revision: None,
            range: TextRange {
                start: 0,
                end: 0,
            },
        },
        sources: None,
        error: AceError(
            "num of evaluation gates should be word aligned and non-zero but was 3",
        ),
    },
)
