---
source: processor/src/fast/tests/all_ops.rs
assertion_line: 134
expression: fast_stack_outputs
---
Ok(
    StackOutputs {
        elements: [
            1,
            0,
            0,
            0,
            0,
            0,
            0,
            0,
            13095623149113504130,
            7949154779470356168,
            11662153452593170279,
            10005726424529664008,
            0,
            0,
            0,
            0,
        ],
    },
)
