---
source: processor/src/fast/tests/all_ops.rs
expression: fast_stack_outputs
---
Ok(
    StackOutputs {
        elements: [
            1,
            0,
            0,
            0,
            0,
            0,
            0,
            0,
            17204644899361923737,
            10764280670750948229,
            5363585357981172787,
            4295676790229476399,
            0,
            0,
            0,
            0,
        ],
    },
)
