---
source: processor/src/fast/tests/masm_consistency.rs
assertion_line: 368
expression: fast_err
---
OperationError {
    label: SourceSpan {
        source: Session(
            SourceId {
                namespace: SourceNamespace(
                    None,
                ),
                local: 4294967295,
            },
        ),
        revision: None,
        range: TextRange {
            start: 0,
            end: 0,
        },
    },
    source_file: None,
    err: NotBinaryValue {
        context: Loop,
        value: 100,
    },
}
