---
source: processor/src/fast/tests/all_ops.rs
expression: fast_stack_outputs
---
Ok(
    StackOutputs {
        elements: [
            1,
            2,
            3,
            4,
            5,
            6,
            0,
            0,
            6094802903806006038,
            5150379779089696301,
            6398891858893731565,
            10874627409698968052,
            0,
            0,
            0,
            0,
        ],
    },
)
