---
source: processor/src/fast/tests/all_ops.rs
expression: fast_stack_outputs
---
Ok(
    StackOutputs {
        elements: [
            0,
            0,
            0,
            0,
            0,
            0,
            0,
            0,
            17571570419766278998,
            12538199374046086047,
            14173548459558600566,
            13037532632351471191,
            0,
            0,
            0,
            0,
        ],
    },
)
