---
source: processor/src/fast/tests/all_ops.rs
expression: fast_stack_outputs
---
Ok(
    StackOutputs {
        elements: [
            1,
            2,
            3,
            4,
            5,
            6,
            7,
            8,
            7117610673853451264,
            14666666278840538682,
            1733041386557130985,
            10055998467952808426,
            0,
            0,
            0,
            0,
        ],
    },
)
