---
source: processor/src/fast/tests/advice_provider.rs
expression: fast_host.snapshots()
---
{
    0: [
        ProcessStateSnapshot {
            clk: 9,
            ctx: 0,
            stack_state: [
                0,
                0,
                0,
                0,
                0,
                0,
                0,
                0,
                0,
                0,
                0,
                0,
                0,
                0,
                0,
                0,
            ],
            stack_words: [
                Word(
                    [
                        0,
                        0,
                        0,
                        0,
                    ],
                ),
                Word(
                    [
                        0,
                        0,
                        0,
                        0,
                    ],
                ),
                Word(
                    [
                        0,
                        0,
                        0,
                        0,
                    ],
                ),
                Word(
                    [
                        0,
                        0,
                        0,
                        0,
                    ],
                ),
            ],
            mem_state: [
                (
                    MemoryAddress(
                        4294967292,
                    ),
                    0,
                ),
                (
                    MemoryAddress(
                        4294967293,
                    ),
                    0,
                ),
                (
                    MemoryAddress(
                        4294967294,
                    ),
                    2147483648,
                ),
                (
                    MemoryAddress(
                        4294967295,
                    ),
                    0,
                ),
            ],
        },
    ],
    1: [
        ProcessStateSnapshot {
            clk: 13,
            ctx: 0,
            stack_state: [
                0,
                0,
                0,
                0,
                0,
                0,
                0,
                0,
                0,
                0,
                0,
                0,
                0,
                0,
                0,
                0,
            ],
            stack_words: [
                Word(
                    [
                        0,
                        0,
                        0,
                        0,
                    ],
                ),
                Word(
                    [
                        0,
                        0,
                        0,
                        0,
                    ],
                ),
                Word(
                    [
                        0,
                        0,
                        0,
                        0,
                    ],
                ),
                Word(
                    [
                        0,
                        0,
                        0,
                        0,
                    ],
                ),
            ],
            mem_state: [
                (
                    MemoryAddress(
                        4294967292,
                    ),
                    0,
                ),
                (
                    MemoryAddress(
                        4294967293,
                    ),
                    0,
                ),
                (
                    MemoryAddress(
                        4294967294,
                    ),
                    2147483648,
                ),
                (
                    MemoryAddress(
                        4294967295,
                    ),
                    0,
                ),
            ],
        },
        ProcessStateSnapshot {
            clk: 22,
            ctx: 0,
            stack_state: [
                0,
                0,
                0,
                0,
                0,
                0,
                0,
                0,
                0,
                0,
                0,
                0,
                0,
                0,
                0,
                0,
            ],
            stack_words: [
                Word(
                    [
                        0,
                        0,
                        0,
                        0,
                    ],
                ),
                Word(
                    [
                        0,
                        0,
                        0,
                        0,
                    ],
                ),
                Word(
                    [
                        0,
                        0,
                        0,
                        0,
                    ],
                ),
                Word(
                    [
                        0,
                        0,
                        0,
                        0,
                    ],
                ),
            ],
            mem_state: [
                (
                    MemoryAddress(
                        4294967292,
                    ),
                    0,
                ),
                (
                    MemoryAddress(
                        4294967293,
                    ),
                    0,
                ),
                (
                    MemoryAddress(
                        4294967294,
                    ),
                    2147483648,
                ),
                (
                    MemoryAddress(
                        4294967295,
                    ),
                    0,
                ),
            ],
        },
    ],
    2: [
        ProcessStateSnapshot {
            clk: 35,
            ctx: 0,
            stack_state: [
                0,
                0,
                0,
                0,
                0,
                0,
                0,
                0,
                0,
                0,
                0,
                0,
                0,
                0,
                0,
                0,
            ],
            stack_words: [
                Word(
                    [
                        0,
                        0,
                        0,
                        0,
                    ],
                ),
                Word(
                    [
                        0,
                        0,
                        0,
                        0,
                    ],
                ),
                Word(
                    [
                        0,
                        0,
                        0,
                        0,
                    ],
                ),
                Word(
                    [
                        0,
                        0,
                        0,
                        0,
                    ],
                ),
            ],
            mem_state: [
                (
                    MemoryAddress(
                        4294967292,
                    ),
                    0,
                ),
                (
                    MemoryAddress(
                        4294967293,
                    ),
                    0,
                ),
                (
                    MemoryAddress(
                        4294967294,
                    ),
                    2147483648,
                ),
                (
                    MemoryAddress(
                        4294967295,
                    ),
                    0,
                ),
            ],
        },
    ],
    3: [
        ProcessStateSnapshot {
            clk: 52,
            ctx: 0,
            stack_state: [
                0,
                0,
                0,
                0,
                0,
                0,
                0,
                0,
                0,
                0,
                0,
                0,
                0,
                0,
                0,
                0,
            ],
            stack_words: [
                Word(
                    [
                        0,
                        0,
                        0,
                        0,
                    ],
                ),
                Word(
                    [
                        0,
                        0,
                        0,
                        0,
                    ],
                ),
                Word(
                    [
                        0,
                        0,
                        0,
                        0,
                    ],
                ),
                Word(
                    [
                        0,
                        0,
                        0,
                        0,
                    ],
                ),
            ],
            mem_state: [
                (
                    MemoryAddress(
                        4294967292,
                    ),
                    0,
                ),
                (
                    MemoryAddress(
                        4294967293,
                    ),
                    0,
                ),
                (
                    MemoryAddress(
                        4294967294,
                    ),
                    2147483648,
                ),
                (
                    MemoryAddress(
                        4294967295,
                    ),
                    0,
                ),
            ],
        },
    ],
    4: [
        ProcessStateSnapshot {
            clk: 71,
            ctx: 0,
            stack_state: [
                0,
                0,
                0,
                0,
                0,
                0,
                0,
                0,
                0,
                0,
                0,
                0,
                0,
                0,
                0,
                0,
            ],
            stack_words: [
                Word(
                    [
                        0,
                        0,
                        0,
                        0,
                    ],
                ),
                Word(
                    [
                        0,
                        0,
                        0,
                        0,
                    ],
                ),
                Word(
                    [
                        0,
                        0,
                        0,
                        0,
                    ],
                ),
                Word(
                    [
                        0,
                        0,
                        0,
                        0,
                    ],
                ),
            ],
            mem_state: [
                (
                    MemoryAddress(
                        4294967292,
                    ),
                    0,
                ),
                (
                    MemoryAddress(
                        4294967293,
                    ),
                    0,
                ),
                (
                    MemoryAddress(
                        4294967294,
                    ),
                    2147483648,
                ),
                (
                    MemoryAddress(
                        4294967295,
                    ),
                    0,
                ),
            ],
        },
    ],
    5: [
        ProcessStateSnapshot {
            clk: 95,
            ctx: 0,
            stack_state: [
                7,
                6,
                5,
                4,
                3,
                2,
                1,
                0,
                0,
                0,
                0,
                0,
                0,
                0,
                0,
                0,
                0,
                0,
                0,
                0,
                0,
                0,
                0,
                0,
            ],
            stack_words: [
                Word(
                    [
                        4,
                        5,
                        6,
                        7,
                    ],
                ),
                Word(
                    [
                        0,
                        1,
                        2,
                        3,
                    ],
                ),
                Word(
                    [
                        0,
                        0,
                        0,
                        0,
                    ],
                ),
                Word(
                    [
                        0,
                        0,
                        0,
                        0,
                    ],
                ),
            ],
            mem_state: [
                (
                    MemoryAddress(
                        4294967292,
                    ),
                    0,
                ),
                (
                    MemoryAddress(
                        4294967293,
                    ),
                    0,
                ),
                (
                    MemoryAddress(
                        4294967294,
                    ),
                    2147483648,
                ),
                (
                    MemoryAddress(
                        4294967295,
                    ),
                    0,
                ),
            ],
        },
    ],
    6: [
        ProcessStateSnapshot {
            clk: 111,
            ctx: 0,
            stack_state: [
                6,
                5,
                4,
                3,
                2,
                1,
                0,
                7,
                6,
                5,
                4,
                3,
                2,
                1,
                0,
                0,
                0,
                0,
                0,
                0,
                0,
                0,
                0,
                0,
                0,
                0,
                0,
                0,
                0,
                0,
                0,
            ],
            stack_words: [
                Word(
                    [
                        3,
                        4,
                        5,
                        6,
                    ],
                ),
                Word(
                    [
                        7,
                        0,
                        1,
                        2,
                    ],
                ),
                Word(
                    [
                        3,
                        4,
                        5,
                        6,
                    ],
                ),
                Word(
                    [
                        0,
                        0,
                        1,
                        2,
                    ],
                ),
            ],
            mem_state: [
                (
                    MemoryAddress(
                        4294967292,
                    ),
                    0,
                ),
                (
                    MemoryAddress(
                        4294967293,
                    ),
                    0,
                ),
                (
                    MemoryAddress(
                        4294967294,
                    ),
                    2147483648,
                ),
                (
                    MemoryAddress(
                        4294967295,
                    ),
                    0,
                ),
            ],
        },
    ],
    7: [
        ProcessStateSnapshot {
            clk: 122,
            ctx: 0,
            stack_state: [
                5,
                4,
                3,
                2,
                1,
                0,
                0,
                0,
                0,
                0,
                0,
                0,
                0,
                0,
                0,
                0,
                0,
                0,
                0,
                0,
                0,
                0,
            ],
            stack_words: [
                Word(
                    [
                        2,
                        3,
                        4,
                        5,
                    ],
                ),
                Word(
                    [
                        0,
                        0,
                        0,
                        1,
                    ],
                ),
                Word(
                    [
                        0,
                        0,
                        0,
                        0,
                    ],
                ),
                Word(
                    [
                        0,
                        0,
                        0,
                        0,
                    ],
                ),
            ],
            mem_state: [
                (
                    MemoryAddress(
                        4294967292,
                    ),
                    0,
                ),
                (
                    MemoryAddress(
                        4294967293,
                    ),
                    0,
                ),
                (
                    MemoryAddress(
                        4294967294,
                    ),
                    2147483648,
                ),
                (
                    MemoryAddress(
                        4294967295,
                    ),
                    0,
                ),
            ],
        },
    ],
    8: [
        ProcessStateSnapshot {
            clk: 131,
            ctx: 0,
            stack_state: [
                5,
                4,
                3,
                2,
                1,
                0,
                0,
                0,
                0,
                0,
                0,
                0,
                0,
                0,
                0,
                0,
                0,
                0,
                0,
                0,
                0,
                0,
            ],
            stack_words: [
                Word(
                    [
                        2,
                        3,
                        4,
                        5,
                    ],
                ),
                Word(
                    [
                        0,
                        0,
                        0,
                        1,
                    ],
                ),
                Word(
                    [
                        0,
                        0,
                        0,
                        0,
                    ],
                ),
                Word(
                    [
                        0,
                        0,
                        0,
                        0,
                    ],
                ),
            ],
            mem_state: [
                (
                    MemoryAddress(
                        0,
                    ),
                    42,
                ),
                (
                    MemoryAddress(
                        1,
                    ),
                    0,
                ),
                (
                    MemoryAddress(
                        2,
                    ),
                    0,
                ),
                (
                    MemoryAddress(
                        3,
                    ),
                    0,
                ),
                (
                    MemoryAddress(
                        4294967292,
                    ),
                    0,
                ),
                (
                    MemoryAddress(
                        4294967293,
                    ),
                    0,
                ),
                (
                    MemoryAddress(
                        4294967294,
                    ),
                    2147483648,
                ),
                (
                    MemoryAddress(
                        4294967295,
                    ),
                    0,
                ),
            ],
        },
    ],
    9: [
        ProcessStateSnapshot {
            clk: 137,
            ctx: 0,
            stack_state: [
                5,
                4,
                3,
                2,
                1,
                0,
                0,
                0,
                0,
                0,
                0,
                0,
                0,
                0,
                0,
                0,
                0,
                0,
                0,
                0,
                0,
                0,
            ],
            stack_words: [
                Word(
                    [
                        2,
                        3,
                        4,
                        5,
                    ],
                ),
                Word(
                    [
                        0,
                        0,
                        0,
                        1,
                    ],
                ),
                Word(
                    [
                        0,
                        0,
                        0,
                        0,
                    ],
                ),
                Word(
                    [
                        0,
                        0,
                        0,
                        0,
                    ],
                ),
            ],
            mem_state: [
                (
                    MemoryAddress(
                        0,
                    ),
                    22,
                ),
                (
                    MemoryAddress(
                        1,
                    ),
                    0,
                ),
                (
                    MemoryAddress(
                        2,
                    ),
                    0,
                ),
                (
                    MemoryAddress(
                        3,
                    ),
                    0,
                ),
                (
                    MemoryAddress(
                        4294967292,
                    ),
                    0,
                ),
                (
                    MemoryAddress(
                        4294967293,
                    ),
                    0,
                ),
                (
                    MemoryAddress(
                        4294967294,
                    ),
                    2147483648,
                ),
                (
                    MemoryAddress(
                        4294967295,
                    ),
                    0,
                ),
            ],
        },
    ],
    10: [
        ProcessStateSnapshot {
            clk: 137,
            ctx: 0,
            stack_state: [
                5,
                4,
                3,
                2,
                1,
                0,
                0,
                0,
                0,
                0,
                0,
                0,
                0,
                0,
                0,
                0,
                0,
                0,
                0,
                0,
                0,
                0,
            ],
            stack_words: [
                Word(
                    [
                        2,
                        3,
                        4,
                        5,
                    ],
                ),
                Word(
                    [
                        0,
                        0,
                        0,
                        1,
                    ],
                ),
                Word(
                    [
                        0,
                        0,
                        0,
                        0,
                    ],
                ),
                Word(
                    [
                        0,
                        0,
                        0,
                        0,
                    ],
                ),
            ],
            mem_state: [
                (
                    MemoryAddress(
                        0,
                    ),
                    22,
                ),
                (
                    MemoryAddress(
                        1,
                    ),
                    0,
                ),
                (
                    MemoryAddress(
                        2,
                    ),
                    0,
                ),
                (
                    MemoryAddress(
                        3,
                    ),
                    0,
                ),
                (
                    MemoryAddress(
                        4294967292,
                    ),
                    0,
                ),
                (
                    MemoryAddress(
                        4294967293,
                    ),
                    0,
                ),
                (
                    MemoryAddress(
                        4294967294,
                    ),
                    2147483648,
                ),
                (
                    MemoryAddress(
                        4294967295,
                    ),
                    0,
                ),
            ],
        },
    ],
    11: [
        ProcessStateSnapshot {
            clk: 146,
            ctx: 0,
            stack_state: [
                5,
                4,
                3,
                2,
                1,
                0,
                0,
                0,
                0,
                0,
                0,
                0,
                0,
                0,
                0,
                0,
            ],
            stack_words: [
                Word(
                    [
                        2,
                        3,
                        4,
                        5,
                    ],
                ),
                Word(
                    [
                        0,
                        0,
                        0,
                        1,
                    ],
                ),
                Word(
                    [
                        0,
                        0,
                        0,
                        0,
                    ],
                ),
                Word(
                    [
                        0,
                        0,
                        0,
                        0,
                    ],
                ),
            ],
            mem_state: [
                (
                    MemoryAddress(
                        0,
                    ),
                    22,
                ),
                (
                    MemoryAddress(
                        1,
                    ),
                    0,
                ),
                (
                    MemoryAddress(
                        2,
                    ),
                    0,
                ),
                (
                    MemoryAddress(
                        3,
                    ),
                    0,
                ),
                (
                    MemoryAddress(
                        100,
                    ),
                    2323,
                ),
                (
                    MemoryAddress(
                        101,
                    ),
                    0,
                ),
                (
                    MemoryAddress(
                        102,
                    ),
                    0,
                ),
                (
                    MemoryAddress(
                        103,
                    ),
                    0,
                ),
                (
                    MemoryAddress(
                        4294967292,
                    ),
                    0,
                ),
                (
                    MemoryAddress(
                        4294967293,
                    ),
                    0,
                ),
                (
                    MemoryAddress(
                        4294967294,
                    ),
                    2147483648,
                ),
                (
                    MemoryAddress(
                        4294967295,
                    ),
                    0,
                ),
            ],
        },
        ProcessStateSnapshot {
            clk: 199,
            ctx: 0,
            stack_state: [
                5,
                4,
                3,
                2,
                1,
                0,
                0,
                0,
                0,
                0,
                0,
                0,
                0,
                0,
                0,
                0,
            ],
            stack_words: [
                Word(
                    [
                        2,
                        3,
                        4,
                        5,
                    ],
                ),
                Word(
                    [
                        0,
                        0,
                        0,
                        1,
                    ],
                ),
                Word(
                    [
                        0,
                        0,
                        0,
                        0,
                    ],
                ),
                Word(
                    [
                        0,
                        0,
                        0,
                        0,
                    ],
                ),
            ],
            mem_state: [
                (
                    MemoryAddress(
                        0,
                    ),
                    22,
                ),
                (
                    MemoryAddress(
                        1,
                    ),
                    0,
                ),
                (
                    MemoryAddress(
                        2,
                    ),
                    0,
                ),
                (
                    MemoryAddress(
                        3,
                    ),
                    0,
                ),
                (
                    MemoryAddress(
                        4,
                    ),
                    14976817189003264463,
                ),
                (
                    MemoryAddress(
                        5,
                    ),
                    5208775289446025051,
                ),
                (
                    MemoryAddress(
                        6,
                    ),
                    7432263354585120697,
                ),
                (
                    MemoryAddress(
                        7,
                    ),
                    9608606200208389886,
                ),
                (
                    MemoryAddress(
                        8,
                    ),
                    5284192219532941459,
                ),
                (
                    MemoryAddress(
                        9,
                    ),
                    11756911734307143039,
                ),
                (
                    MemoryAddress(
                        10,
                    ),
                    9896544364059908806,
                ),
                (
                    MemoryAddress(
                        11,
                    ),
                    4960881507097303831,
                ),
                (
                    MemoryAddress(
                        100,
                    ),
                    2323,
                ),
                (
                    MemoryAddress(
                        101,
                    ),
                    0,
                ),
                (
                    MemoryAddress(
                        102,
                    ),
                    0,
                ),
                (
                    MemoryAddress(
                        103,
                    ),
                    0,
                ),
                (
                    MemoryAddress(
                        4294967292,
                    ),
                    0,
                ),
                (
                    MemoryAddress(
                        4294967293,
                    ),
                    0,
                ),
                (
                    MemoryAddress(
                        4294967294,
                    ),
                    2147483648,
                ),
                (
                    MemoryAddress(
                        4294967295,
                    ),
                    0,
                ),
            ],
        },
    ],
    12: [
        ProcessStateSnapshot {
            clk: 153,
            ctx: 0,
            stack_state: [
                5,
                4,
                3,
                2,
                1,
                0,
                0,
                0,
                0,
                0,
                0,
                0,
                0,
                0,
                0,
                0,
                0,
                0,
                0,
                0,
                0,
                0,
            ],
            stack_words: [
                Word(
                    [
                        2,
                        3,
                        4,
                        5,
                    ],
                ),
                Word(
                    [
                        0,
                        0,
                        0,
                        1,
                    ],
                ),
                Word(
                    [
                        0,
                        0,
                        0,
                        0,
                    ],
                ),
                Word(
                    [
                        0,
                        0,
                        0,
                        0,
                    ],
                ),
            ],
            mem_state: [
                (
                    MemoryAddress(
                        0,
                    ),
                    22,
                ),
                (
                    MemoryAddress(
                        1,
                    ),
                    0,
                ),
                (
                    MemoryAddress(
                        2,
                    ),
                    0,
                ),
                (
                    MemoryAddress(
                        3,
                    ),
                    0,
                ),
                (
                    MemoryAddress(
                        100,
                    ),
                    2323,
                ),
                (
                    MemoryAddress(
                        101,
                    ),
                    0,
                ),
                (
                    MemoryAddress(
                        102,
                    ),
                    0,
                ),
                (
                    MemoryAddress(
                        103,
                    ),
                    0,
                ),
                (
                    MemoryAddress(
                        4294967292,
                    ),
                    0,
                ),
                (
                    MemoryAddress(
                        4294967293,
                    ),
                    0,
                ),
                (
                    MemoryAddress(
                        4294967294,
                    ),
                    2147483648,
                ),
                (
                    MemoryAddress(
                        4294967295,
                    ),
                    0,
                ),
            ],
        },
    ],
    13: [
        ProcessStateSnapshot {
            clk: 177,
            ctx: 0,
            stack_state: [
                5,
                4,
                3,
                2,
                1,
                0,
                0,
                0,
                0,
                0,
                0,
                0,
                0,
                0,
                0,
                0,
                0,
                0,
                0,
                0,
                0,
                0,
            ],
            stack_words: [
                Word(
                    [
                        2,
                        3,
                        4,
                        5,
                    ],
                ),
                Word(
                    [
                        0,
                        0,
                        0,
                        1,
                    ],
                ),
                Word(
                    [
                        0,
                        0,
                        0,
                        0,
                    ],
                ),
                Word(
                    [
                        0,
                        0,
                        0,
                        0,
                    ],
                ),
            ],
            mem_state: [
                (
                    MemoryAddress(
                        0,
                    ),
                    22,
                ),
                (
                    MemoryAddress(
                        1,
                    ),
                    0,
                ),
                (
                    MemoryAddress(
                        2,
                    ),
                    0,
                ),
                (
                    MemoryAddress(
                        3,
                    ),
                    0,
                ),
                (
                    MemoryAddress(
                        4,
                    ),
                    14976817189003264463,
                ),
                (
                    MemoryAddress(
                        5,
                    ),
                    5208775289446025051,
                ),
                (
                    MemoryAddress(
                        6,
                    ),
                    7432263354585120697,
                ),
                (
                    MemoryAddress(
                        7,
                    ),
                    9608606200208389886,
                ),
                (
                    MemoryAddress(
                        100,
                    ),
                    2323,
                ),
                (
                    MemoryAddress(
                        101,
                    ),
                    0,
                ),
                (
                    MemoryAddress(
                        102,
                    ),
                    0,
                ),
                (
                    MemoryAddress(
                        103,
                    ),
                    0,
                ),
                (
                    MemoryAddress(
                        4294967292,
                    ),
                    0,
                ),
                (
                    MemoryAddress(
                        4294967293,
                    ),
                    0,
                ),
                (
                    MemoryAddress(
                        4294967294,
                    ),
                    2147483648,
                ),
                (
                    MemoryAddress(
                        4294967295,
                    ),
                    0,
                ),
            ],
        },
    ],
    14: [
        ProcessStateSnapshot {
            clk: 207,
            ctx: 0,
            stack_state: [
                5,
                4,
                3,
                2,
                1,
                0,
                0,
                0,
                0,
                0,
                0,
                0,
                0,
                0,
                0,
                0,
                0,
                0,
                0,
                0,
                0,
                0,
            ],
            stack_words: [
                Word(
                    [
                        2,
                        3,
                        4,
                        5,
                    ],
                ),
                Word(
                    [
                        0,
                        0,
                        0,
                        1,
                    ],
                ),
                Word(
                    [
                        0,
                        0,
                        0,
                        0,
                    ],
                ),
                Word(
                    [
                        0,
                        0,
                        0,
                        0,
                    ],
                ),
            ],
            mem_state: [
                (
                    MemoryAddress(
                        0,
                    ),
                    22,
                ),
                (
                    MemoryAddress(
                        1,
                    ),
                    0,
                ),
                (
                    MemoryAddress(
                        2,
                    ),
                    0,
                ),
                (
                    MemoryAddress(
                        3,
                    ),
                    0,
                ),
                (
                    MemoryAddress(
                        4,
                    ),
                    14976817189003264463,
                ),
                (
                    MemoryAddress(
                        5,
                    ),
                    5208775289446025051,
                ),
                (
                    MemoryAddress(
                        6,
                    ),
                    7432263354585120697,
                ),
                (
                    MemoryAddress(
                        7,
                    ),
                    9608606200208389886,
                ),
                (
                    MemoryAddress(
                        8,
                    ),
                    5284192219532941459,
                ),
                (
                    MemoryAddress(
                        9,
                    ),
                    11756911734307143039,
                ),
                (
                    MemoryAddress(
                        10,
                    ),
                    9896544364059908806,
                ),
                (
                    MemoryAddress(
                        11,
                    ),
                    4960881507097303831,
                ),
                (
                    MemoryAddress(
                        100,
                    ),
                    2323,
                ),
                (
                    MemoryAddress(
                        101,
                    ),
                    0,
                ),
                (
                    MemoryAddress(
                        102,
                    ),
                    0,
                ),
                (
                    MemoryAddress(
                        103,
                    ),
                    0,
                ),
                (
                    MemoryAddress(
                        4294967292,
                    ),
                    0,
                ),
                (
                    MemoryAddress(
                        4294967293,
                    ),
                    0,
                ),
                (
                    MemoryAddress(
                        4294967294,
                    ),
                    2147483648,
                ),
                (
                    MemoryAddress(
                        4294967295,
                    ),
                    0,
                ),
            ],
        },
    ],
    15: [
        ProcessStateSnapshot {
            clk: 230,
            ctx: 0,
            stack_state: [
                5,
                4,
                3,
                2,
                1,
                0,
                0,
                0,
                0,
                0,
                0,
                0,
                0,
                0,
                0,
                0,
                0,
                0,
                0,
                0,
                0,
                0,
            ],
            stack_words: [
                Word(
                    [
                        2,
                        3,
                        4,
                        5,
                    ],
                ),
                Word(
                    [
                        0,
                        0,
                        0,
                        1,
                    ],
                ),
                Word(
                    [
                        0,
                        0,
                        0,
                        0,
                    ],
                ),
                Word(
                    [
                        0,
                        0,
                        0,
                        0,
                    ],
                ),
            ],
            mem_state: [
                (
                    MemoryAddress(
                        0,
                    ),
                    24,
                ),
                (
                    MemoryAddress(
                        1,
                    ),
                    0,
                ),
                (
                    MemoryAddress(
                        2,
                    ),
                    0,
                ),
                (
                    MemoryAddress(
                        3,
                    ),
                    0,
                ),
                (
                    MemoryAddress(
                        4,
                    ),
                    5709538828205482633,
                ),
                (
                    MemoryAddress(
                        5,
                    ),
                    6586375421322943874,
                ),
                (
                    MemoryAddress(
                        6,
                    ),
                    13719232795605556200,
                ),
                (
                    MemoryAddress(
                        7,
                    ),
                    12884288492765583522,
                ),
                (
                    MemoryAddress(
                        8,
                    ),
                    5284192219532941459,
                ),
                (
                    MemoryAddress(
                        9,
                    ),
                    11756911734307143039,
                ),
                (
                    MemoryAddress(
                        10,
                    ),
                    9896544364059908806,
                ),
                (
                    MemoryAddress(
                        11,
                    ),
                    4960881507097303831,
                ),
                (
                    MemoryAddress(
                        100,
                    ),
                    2323,
                ),
                (
                    MemoryAddress(
                        101,
                    ),
                    0,
                ),
                (
                    MemoryAddress(
                        102,
                    ),
                    0,
                ),
                (
                    MemoryAddress(
                        103,
                    ),
                    0,
                ),
                (
                    MemoryAddress(
                        4294967292,
                    ),
                    0,
                ),
                (
                    MemoryAddress(
                        4294967293,
                    ),
                    0,
                ),
                (
                    MemoryAddress(
                        4294967294,
                    ),
                    2147483648,
                ),
                (
                    MemoryAddress(
                        4294967295,
                    ),
                    0,
                ),
            ],
        },
    ],
    16: [
        ProcessStateSnapshot {
            clk: 237,
            ctx: 0,
            stack_state: [
                1,
                5,
                4,
                3,
                2,
                1,
                0,
                0,
                0,
                0,
                0,
                0,
                0,
                0,
                0,
                0,
                0,
                0,
                0,
                0,
                0,
                0,
                0,
            ],
            stack_words: [
                Word(
                    [
                        3,
                        4,
                        5,
                        1,
                    ],
                ),
                Word(
                    [
                        0,
                        0,
                        1,
                        2,
                    ],
                ),
                Word(
                    [
                        0,
                        0,
                        0,
                        0,
                    ],
                ),
                Word(
                    [
                        0,
                        0,
                        0,
                        0,
                    ],
                ),
            ],
            mem_state: [
                (
                    MemoryAddress(
                        0,
                    ),
                    24,
                ),
                (
                    MemoryAddress(
                        1,
                    ),
                    0,
                ),
                (
                    MemoryAddress(
                        2,
                    ),
                    0,
                ),
                (
                    MemoryAddress(
                        3,
                    ),
                    0,
                ),
                (
                    MemoryAddress(
                        4,
                    ),
                    5709538828205482633,
                ),
                (
                    MemoryAddress(
                        5,
                    ),
                    6586375421322943874,
                ),
                (
                    MemoryAddress(
                        6,
                    ),
                    13719232795605556200,
                ),
                (
                    MemoryAddress(
                        7,
                    ),
                    12884288492765583522,
                ),
                (
                    MemoryAddress(
                        8,
                    ),
                    5284192219532941459,
                ),
                (
                    MemoryAddress(
                        9,
                    ),
                    11756911734307143039,
                ),
                (
                    MemoryAddress(
                        10,
                    ),
                    9896544364059908806,
                ),
                (
                    MemoryAddress(
                        11,
                    ),
                    4960881507097303831,
                ),
                (
                    MemoryAddress(
                        100,
                    ),
                    2323,
                ),
                (
                    MemoryAddress(
                        101,
                    ),
                    0,
                ),
                (
                    MemoryAddress(
                        102,
                    ),
                    0,
                ),
                (
                    MemoryAddress(
                        103,
                    ),
                    0,
                ),
                (
                    MemoryAddress(
                        4294967292,
                    ),
                    0,
                ),
                (
                    MemoryAddress(
                        4294967293,
                    ),
                    0,
                ),
                (
                    MemoryAddress(
                        4294967294,
                    ),
                    2147483648,
                ),
                (
                    MemoryAddress(
                        4294967295,
                    ),
                    0,
                ),
            ],
        },
    ],
    17: [
        ProcessStateSnapshot {
            clk: 242,
            ctx: 0,
            stack_state: [
                5,
                4,
                3,
                2,
                1,
                0,
                0,
                0,
                0,
                0,
                0,
                0,
                0,
                0,
                0,
                0,
                0,
                0,
                0,
                0,
                0,
                0,
            ],
            stack_words: [
                Word(
                    [
                        2,
                        3,
                        4,
                        5,
                    ],
                ),
                Word(
                    [
                        0,
                        0,
                        0,
                        1,
                    ],
                ),
                Word(
                    [
                        0,
                        0,
                        0,
                        0,
                    ],
                ),
                Word(
                    [
                        0,
                        0,
                        0,
                        0,
                    ],
                ),
            ],
            mem_state: [
                (
                    MemoryAddress(
                        0,
                    ),
                    24,
                ),
                (
                    MemoryAddress(
                        1,
                    ),
                    0,
                ),
                (
                    MemoryAddress(
                        2,
                    ),
                    0,
                ),
                (
                    MemoryAddress(
                        3,
                    ),
                    0,
                ),
                (
                    MemoryAddress(
                        4,
                    ),
                    5709538828205482633,
                ),
                (
                    MemoryAddress(
                        5,
                    ),
                    6586375421322943874,
                ),
                (
                    MemoryAddress(
                        6,
                    ),
                    13719232795605556200,
                ),
                (
                    MemoryAddress(
                        7,
                    ),
                    12884288492765583522,
                ),
                (
                    MemoryAddress(
                        8,
                    ),
                    5284192219532941459,
                ),
                (
                    MemoryAddress(
                        9,
                    ),
                    11756911734307143039,
                ),
                (
                    MemoryAddress(
                        10,
                    ),
                    9896544364059908806,
                ),
                (
                    MemoryAddress(
                        11,
                    ),
                    4960881507097303831,
                ),
                (
                    MemoryAddress(
                        100,
                    ),
                    2323,
                ),
                (
                    MemoryAddress(
                        101,
                    ),
                    0,
                ),
                (
                    MemoryAddress(
                        102,
                    ),
                    0,
                ),
                (
                    MemoryAddress(
                        103,
                    ),
                    0,
                ),
                (
                    MemoryAddress(
                        4294967292,
                    ),
                    0,
                ),
                (
                    MemoryAddress(
                        4294967293,
                    ),
                    0,
                ),
                (
                    MemoryAddress(
                        4294967294,
                    ),
                    2147483648,
                ),
                (
                    MemoryAddress(
                        4294967295,
                    ),
                    0,
                ),
            ],
        },
    ],
    18: [
        ProcessStateSnapshot {
            clk: 248,
            ctx: 0,
            stack_state: [
                0,
                5,
                4,
                3,
                2,
                1,
                0,
                0,
                0,
                0,
                0,
                0,
                0,
                0,
                0,
                0,
                0,
                0,
                0,
                0,
                0,
                0,
                0,
            ],
            stack_words: [
                Word(
                    [
                        3,
                        4,
                        5,
                        0,
                    ],
                ),
                Word(
                    [
                        0,
                        0,
                        1,
                        2,
                    ],
                ),
                Word(
                    [
                        0,
                        0,
                        0,
                        0,
                    ],
                ),
                Word(
                    [
                        0,
                        0,
                        0,
                        0,
                    ],
                ),
            ],
            mem_state: [
                (
                    MemoryAddress(
                        0,
                    ),
                    24,
                ),
                (
                    MemoryAddress(
                        1,
                    ),
                    0,
                ),
                (
                    MemoryAddress(
                        2,
                    ),
                    0,
                ),
                (
                    MemoryAddress(
                        3,
                    ),
                    0,
                ),
                (
                    MemoryAddress(
                        4,
                    ),
                    5709538828205482633,
                ),
                (
                    MemoryAddress(
                        5,
                    ),
                    6586375421322943874,
                ),
                (
                    MemoryAddress(
                        6,
                    ),
                    13719232795605556200,
                ),
                (
                    MemoryAddress(
                        7,
                    ),
                    12884288492765583522,
                ),
                (
                    MemoryAddress(
                        8,
                    ),
                    5284192219532941459,
                ),
                (
                    MemoryAddress(
                        9,
                    ),
                    11756911734307143039,
                ),
                (
                    MemoryAddress(
                        10,
                    ),
                    9896544364059908806,
                ),
                (
                    MemoryAddress(
                        11,
                    ),
                    4960881507097303831,
                ),
                (
                    MemoryAddress(
                        100,
                    ),
                    2323,
                ),
                (
                    MemoryAddress(
                        101,
                    ),
                    0,
                ),
                (
                    MemoryAddress(
                        102,
                    ),
                    0,
                ),
                (
                    MemoryAddress(
                        103,
                    ),
                    0,
                ),
                (
                    MemoryAddress(
                        4294967292,
                    ),
                    0,
                ),
                (
                    MemoryAddress(
                        4294967293,
                    ),
                    0,
                ),
                (
                    MemoryAddress(
                        4294967294,
                    ),
                    2147483648,
                ),
                (
                    MemoryAddress(
                        4294967295,
                    ),
                    0,
                ),
            ],
        },
    ],
    19: [
        ProcessStateSnapshot {
            clk: 253,
            ctx: 0,
            stack_state: [
                5,
                4,
                3,
                2,
                1,
                0,
                0,
                0,
                0,
                0,
                0,
                0,
                0,
                0,
                0,
                0,
                0,
                0,
                0,
                0,
                0,
                0,
            ],
            stack_words: [
                Word(
                    [
                        2,
                        3,
                        4,
                        5,
                    ],
                ),
                Word(
                    [
                        0,
                        0,
                        0,
                        1,
                    ],
                ),
                Word(
                    [
                        0,
                        0,
                        0,
                        0,
                    ],
                ),
                Word(
                    [
                        0,
                        0,
                        0,
                        0,
                    ],
                ),
            ],
            mem_state: [
                (
                    MemoryAddress(
                        0,
                    ),
                    24,
                ),
                (
                    MemoryAddress(
                        1,
                    ),
                    0,
                ),
                (
                    MemoryAddress(
                        2,
                    ),
                    0,
                ),
                (
                    MemoryAddress(
                        3,
                    ),
                    0,
                ),
                (
                    MemoryAddress(
                        4,
                    ),
                    5709538828205482633,
                ),
                (
                    MemoryAddress(
                        5,
                    ),
                    6586375421322943874,
                ),
                (
                    MemoryAddress(
                        6,
                    ),
                    13719232795605556200,
                ),
                (
                    MemoryAddress(
                        7,
                    ),
                    12884288492765583522,
                ),
                (
                    MemoryAddress(
                        8,
                    ),
                    5284192219532941459,
                ),
                (
                    MemoryAddress(
                        9,
                    ),
                    11756911734307143039,
                ),
                (
                    MemoryAddress(
                        10,
                    ),
                    9896544364059908806,
                ),
                (
                    MemoryAddress(
                        11,
                    ),
                    4960881507097303831,
                ),
                (
                    MemoryAddress(
                        100,
                    ),
                    2323,
                ),
                (
                    MemoryAddress(
                        101,
                    ),
                    0,
                ),
                (
                    MemoryAddress(
                        102,
                    ),
                    0,
                ),
                (
                    MemoryAddress(
                        103,
                    ),
                    0,
                ),
                (
                    MemoryAddress(
                        4294967292,
                    ),
                    0,
                ),
                (
                    MemoryAddress(
                        4294967293,
                    ),
                    0,
                ),
                (
                    MemoryAddress(
                        4294967294,
                    ),
                    2147483648,
                ),
                (
                    MemoryAddress(
                        4294967295,
                    ),
                    0,
                ),
            ],
        },
    ],
    20: [
        ProcessStateSnapshot {
            clk: 264,
            ctx: 0,
            stack_state: [
                3,
                5,
                4,
                3,
                2,
                1,
                0,
                0,
                0,
                0,
                0,
                0,
                0,
                0,
                0,
                0,
                0,
                0,
                0,
                0,
                0,
                0,
                0,
            ],
            stack_words: [
                Word(
                    [
                        3,
                        4,
                        5,
                        3,
                    ],
                ),
                Word(
                    [
                        0,
                        0,
                        1,
                        2,
                    ],
                ),
                Word(
                    [
                        0,
                        0,
                        0,
                        0,
                    ],
                ),
                Word(
                    [
                        0,
                        0,
                        0,
                        0,
                    ],
                ),
            ],
            mem_state: [
                (
                    MemoryAddress(
                        0,
                    ),
                    24,
                ),
                (
                    MemoryAddress(
                        1,
                    ),
                    0,
                ),
                (
                    MemoryAddress(
                        2,
                    ),
                    0,
                ),
                (
                    MemoryAddress(
                        3,
                    ),
                    0,
                ),
                (
                    MemoryAddress(
                        4,
                    ),
                    5709538828205482633,
                ),
                (
                    MemoryAddress(
                        5,
                    ),
                    6586375421322943874,
                ),
                (
                    MemoryAddress(
                        6,
                    ),
                    13719232795605556200,
                ),
                (
                    MemoryAddress(
                        7,
                    ),
                    12884288492765583522,
                ),
                (
                    MemoryAddress(
                        8,
                    ),
                    5284192219532941459,
                ),
                (
                    MemoryAddress(
                        9,
                    ),
                    11756911734307143039,
                ),
                (
                    MemoryAddress(
                        10,
                    ),
                    9896544364059908806,
                ),
                (
                    MemoryAddress(
                        11,
                    ),
                    4960881507097303831,
                ),
                (
                    MemoryAddress(
                        100,
                    ),
                    2323,
                ),
                (
                    MemoryAddress(
                        101,
                    ),
                    0,
                ),
                (
                    MemoryAddress(
                        102,
                    ),
                    0,
                ),
                (
                    MemoryAddress(
                        103,
                    ),
                    0,
                ),
                (
                    MemoryAddress(
                        4294967292,
                    ),
                    0,
                ),
                (
                    MemoryAddress(
                        4294967293,
                    ),
                    0,
                ),
                (
                    MemoryAddress(
                        4294967294,
                    ),
                    2147483648,
                ),
                (
                    MemoryAddress(
                        4294967295,
                    ),
                    0,
                ),
            ],
        },
        ProcessStateSnapshot {
            clk: 272,
            ctx: 0,
            stack_state: [
                2,
                5,
                4,
                3,
                2,
                1,
                0,
                0,
                0,
                0,
                0,
                0,
                0,
                0,
                0,
                0,
                0,
                0,
                0,
                0,
                0,
                0,
                0,
            ],
            stack_words: [
                Word(
                    [
                        3,
                        4,
                        5,
                        2,
                    ],
                ),
                Word(
                    [
                        0,
                        0,
                        1,
                        2,
                    ],
                ),
                Word(
                    [
                        0,
                        0,
                        0,
                        0,
                    ],
                ),
                Word(
                    [
                        0,
                        0,
                        0,
                        0,
                    ],
                ),
            ],
            mem_state: [
                (
                    MemoryAddress(
                        0,
                    ),
                    24,
                ),
                (
                    MemoryAddress(
                        1,
                    ),
                    0,
                ),
                (
                    MemoryAddress(
                        2,
                    ),
                    0,
                ),
                (
                    MemoryAddress(
                        3,
                    ),
                    0,
                ),
                (
                    MemoryAddress(
                        4,
                    ),
                    5709538828205482633,
                ),
                (
                    MemoryAddress(
                        5,
                    ),
                    6586375421322943874,
                ),
                (
                    MemoryAddress(
                        6,
                    ),
                    13719232795605556200,
                ),
                (
                    MemoryAddress(
                        7,
                    ),
                    12884288492765583522,
                ),
                (
                    MemoryAddress(
                        8,
                    ),
                    5284192219532941459,
                ),
                (
                    MemoryAddress(
                        9,
                    ),
                    11756911734307143039,
                ),
                (
                    MemoryAddress(
                        10,
                    ),
                    9896544364059908806,
                ),
                (
                    MemoryAddress(
                        11,
                    ),
                    4960881507097303831,
                ),
                (
                    MemoryAddress(
                        100,
                    ),
                    2323,
                ),
                (
                    MemoryAddress(
                        101,
                    ),
                    0,
                ),
                (
                    MemoryAddress(
                        102,
                    ),
                    0,
                ),
                (
                    MemoryAddress(
                        103,
                    ),
                    0,
                ),
                (
                    MemoryAddress(
                        4294967292,
                    ),
                    0,
                ),
                (
                    MemoryAddress(
                        4294967293,
                    ),
                    0,
                ),
                (
                    MemoryAddress(
                        4294967294,
                    ),
                    2147483648,
                ),
                (
                    MemoryAddress(
                        4294967295,
                    ),
                    0,
                ),
            ],
        },
        ProcessStateSnapshot {
            clk: 280,
            ctx: 0,
            stack_state: [
                1,
                5,
                4,
                3,
                2,
                1,
                0,
                0,
                0,
                0,
                0,
                0,
                0,
                0,
                0,
                0,
                0,
                0,
                0,
                0,
                0,
                0,
                0,
            ],
            stack_words: [
                Word(
                    [
                        3,
                        4,
                        5,
                        1,
                    ],
                ),
                Word(
                    [
                        0,
                        0,
                        1,
                        2,
                    ],
                ),
                Word(
                    [
                        0,
                        0,
                        0,
                        0,
                    ],
                ),
                Word(
                    [
                        0,
                        0,
                        0,
                        0,
                    ],
                ),
            ],
            mem_state: [
                (
                    MemoryAddress(
                        0,
                    ),
                    24,
                ),
                (
                    MemoryAddress(
                        1,
                    ),
                    0,
                ),
                (
                    MemoryAddress(
                        2,
                    ),
                    0,
                ),
                (
                    MemoryAddress(
                        3,
                    ),
                    0,
                ),
                (
                    MemoryAddress(
                        4,
                    ),
                    5709538828205482633,
                ),
                (
                    MemoryAddress(
                        5,
                    ),
                    6586375421322943874,
                ),
                (
                    MemoryAddress(
                        6,
                    ),
                    13719232795605556200,
                ),
                (
                    MemoryAddress(
                        7,
                    ),
                    12884288492765583522,
                ),
                (
                    MemoryAddress(
                        8,
                    ),
                    5284192219532941459,
                ),
                (
                    MemoryAddress(
                        9,
                    ),
                    11756911734307143039,
                ),
                (
                    MemoryAddress(
                        10,
                    ),
                    9896544364059908806,
                ),
                (
                    MemoryAddress(
                        11,
                    ),
                    4960881507097303831,
                ),
                (
                    MemoryAddress(
                        100,
                    ),
                    2323,
                ),
                (
                    MemoryAddress(
                        101,
                    ),
                    0,
                ),
                (
                    MemoryAddress(
                        102,
                    ),
                    0,
                ),
                (
                    MemoryAddress(
                        103,
                    ),
                    0,
                ),
                (
                    MemoryAddress(
                        4294967292,
                    ),
                    0,
                ),
                (
                    MemoryAddress(
                        4294967293,
                    ),
                    0,
                ),
                (
                    MemoryAddress(
                        4294967294,
                    ),
                    2147483648,
                ),
                (
                    MemoryAddress(
                        4294967295,
                    ),
                    0,
                ),
            ],
        },
    ],
    21: [
        ProcessStateSnapshot {
            clk: 289,
            ctx: 0,
            stack_state: [
                0,
                5,
                4,
                3,
                2,
                1,
                0,
                0,
                0,
                0,
                0,
                0,
                0,
                0,
                0,
                0,
                0,
                0,
                0,
                0,
                0,
                0,
                0,
            ],
            stack_words: [
                Word(
                    [
                        3,
                        4,
                        5,
                        0,
                    ],
                ),
                Word(
                    [
                        0,
                        0,
                        1,
                        2,
                    ],
                ),
                Word(
                    [
                        0,
                        0,
                        0,
                        0,
                    ],
                ),
                Word(
                    [
                        0,
                        0,
                        0,
                        0,
                    ],
                ),
            ],
            mem_state: [
                (
                    MemoryAddress(
                        0,
                    ),
                    24,
                ),
                (
                    MemoryAddress(
                        1,
                    ),
                    0,
                ),
                (
                    MemoryAddress(
                        2,
                    ),
                    0,
                ),
                (
                    MemoryAddress(
                        3,
                    ),
                    0,
                ),
                (
                    MemoryAddress(
                        4,
                    ),
                    5709538828205482633,
                ),
                (
                    MemoryAddress(
                        5,
                    ),
                    6586375421322943874,
                ),
                (
                    MemoryAddress(
                        6,
                    ),
                    13719232795605556200,
                ),
                (
                    MemoryAddress(
                        7,
                    ),
                    12884288492765583522,
                ),
                (
                    MemoryAddress(
                        8,
                    ),
                    5284192219532941459,
                ),
                (
                    MemoryAddress(
                        9,
                    ),
                    11756911734307143039,
                ),
                (
                    MemoryAddress(
                        10,
                    ),
                    9896544364059908806,
                ),
                (
                    MemoryAddress(
                        11,
                    ),
                    4960881507097303831,
                ),
                (
                    MemoryAddress(
                        100,
                    ),
                    2323,
                ),
                (
                    MemoryAddress(
                        101,
                    ),
                    0,
                ),
                (
                    MemoryAddress(
                        102,
                    ),
                    0,
                ),
                (
                    MemoryAddress(
                        103,
                    ),
                    0,
                ),
                (
                    MemoryAddress(
                        4294967292,
                    ),
                    0,
                ),
                (
                    MemoryAddress(
                        4294967293,
                    ),
                    0,
                ),
                (
                    MemoryAddress(
                        4294967294,
                    ),
                    2147483648,
                ),
                (
                    MemoryAddress(
                        4294967295,
                    ),
                    0,
                ),
            ],
        },
    ],
    22: [
        ProcessStateSnapshot {
            clk: 354,
            ctx: 0,
            stack_state: [
                0,
                5,
                4,
                3,
                2,
                1,
                0,
                0,
                0,
                0,
                0,
                0,
                0,
                0,
                0,
                0,
            ],
            stack_words: [
                Word(
                    [
                        3,
                        4,
                        5,
                        0,
                    ],
                ),
                Word(
                    [
                        0,
                        0,
                        1,
                        2,
                    ],
                ),
                Word(
                    [
                        0,
                        0,
                        0,
                        0,
                    ],
                ),
                Word(
                    [
                        0,
                        0,
                        0,
                        0,
                    ],
                ),
            ],
            mem_state: [
                (
                    MemoryAddress(
                        0,
                    ),
                    24,
                ),
                (
                    MemoryAddress(
                        1,
                    ),
                    0,
                ),
                (
                    MemoryAddress(
                        2,
                    ),
                    0,
                ),
                (
                    MemoryAddress(
                        3,
                    ),
                    0,
                ),
                (
                    MemoryAddress(
                        4,
                    ),
                    5709538828205482633,
                ),
                (
                    MemoryAddress(
                        5,
                    ),
                    6586375421322943874,
                ),
                (
                    MemoryAddress(
                        6,
                    ),
                    13719232795605556200,
                ),
                (
                    MemoryAddress(
                        7,
                    ),
                    12884288492765583522,
                ),
                (
                    MemoryAddress(
                        8,
                    ),
                    5284192219532941459,
                ),
                (
                    MemoryAddress(
                        9,
                    ),
                    11756911734307143039,
                ),
                (
                    MemoryAddress(
                        10,
                    ),
                    9896544364059908806,
                ),
                (
                    MemoryAddress(
                        11,
                    ),
                    4960881507097303831,
                ),
                (
                    MemoryAddress(
                        100,
                    ),
                    2323,
                ),
                (
                    MemoryAddress(
                        101,
                    ),
                    0,
                ),
                (
                    MemoryAddress(
                        102,
                    ),
                    0,
                ),
                (
                    MemoryAddress(
                        103,
                    ),
                    0,
                ),
                (
                    MemoryAddress(
                        2147483648,
                    ),
                    3,
                ),
                (
                    MemoryAddress(
                        2147483649,
                    ),
                    4,
                ),
                (
                    MemoryAddress(
                        2147483650,
                    ),
                    5,
                ),
                (
                    MemoryAddress(
                        2147483651,
                    ),
                    0,
                ),
                (
                    MemoryAddress(
                        4294967292,
                    ),
                    0,
                ),
                (
                    MemoryAddress(
                        4294967293,
                    ),
                    0,
                ),
                (
                    MemoryAddress(
                        4294967294,
                    ),
                    2147483648,
                ),
                (
                    MemoryAddress(
                        4294967295,
                    ),
                    0,
                ),
            ],
        },
    ],
    100: [
        ProcessStateSnapshot {
            clk: 173,
            ctx: 167,
            stack_state: [
                5,
                4,
                3,
                2,
                1,
                0,
                0,
                0,
                0,
                0,
                0,
                0,
                0,
                0,
                0,
                0,
            ],
            stack_words: [
                Word(
                    [
                        2,
                        3,
                        4,
                        5,
                    ],
                ),
                Word(
                    [
                        0,
                        0,
                        0,
                        1,
                    ],
                ),
                Word(
                    [
                        0,
                        0,
                        0,
                        0,
                    ],
                ),
                Word(
                    [
                        0,
                        0,
                        0,
                        0,
                    ],
                ),
            ],
            mem_state: [
                (
                    MemoryAddress(
                        0,
                    ),
                    23,
                ),
                (
                    MemoryAddress(
                        1,
                    ),
                    0,
                ),
                (
                    MemoryAddress(
                        2,
                    ),
                    0,
                ),
                (
                    MemoryAddress(
                        3,
                    ),
                    0,
                ),
                (
                    MemoryAddress(
                        4294967292,
                    ),
                    0,
                ),
                (
                    MemoryAddress(
                        4294967293,
                    ),
                    0,
                ),
                (
                    MemoryAddress(
                        4294967294,
                    ),
                    2147483648,
                ),
                (
                    MemoryAddress(
                        4294967295,
                    ),
                    0,
                ),
            ],
        },
    ],
    101: [
        ProcessStateSnapshot {
            clk: 227,
            ctx: 0,
            stack_state: [
                5,
                4,
                3,
                2,
                1,
                0,
                0,
                0,
                0,
                0,
                0,
                0,
                0,
                0,
                0,
                0,
                0,
                0,
                0,
                0,
                0,
                0,
            ],
            stack_words: [
                Word(
                    [
                        2,
                        3,
                        4,
                        5,
                    ],
                ),
                Word(
                    [
                        0,
                        0,
                        0,
                        1,
                    ],
                ),
                Word(
                    [
                        0,
                        0,
                        0,
                        0,
                    ],
                ),
                Word(
                    [
                        0,
                        0,
                        0,
                        0,
                    ],
                ),
            ],
            mem_state: [
                (
                    MemoryAddress(
                        0,
                    ),
                    24,
                ),
                (
                    MemoryAddress(
                        1,
                    ),
                    0,
                ),
                (
                    MemoryAddress(
                        2,
                    ),
                    0,
                ),
                (
                    MemoryAddress(
                        3,
                    ),
                    0,
                ),
                (
                    MemoryAddress(
                        4,
                    ),
                    5709538828205482633,
                ),
                (
                    MemoryAddress(
                        5,
                    ),
                    6586375421322943874,
                ),
                (
                    MemoryAddress(
                        6,
                    ),
                    13719232795605556200,
                ),
                (
                    MemoryAddress(
                        7,
                    ),
                    12884288492765583522,
                ),
                (
                    MemoryAddress(
                        8,
                    ),
                    5284192219532941459,
                ),
                (
                    MemoryAddress(
                        9,
                    ),
                    11756911734307143039,
                ),
                (
                    MemoryAddress(
                        10,
                    ),
                    9896544364059908806,
                ),
                (
                    MemoryAddress(
                        11,
                    ),
                    4960881507097303831,
                ),
                (
                    MemoryAddress(
                        100,
                    ),
                    2323,
                ),
                (
                    MemoryAddress(
                        101,
                    ),
                    0,
                ),
                (
                    MemoryAddress(
                        102,
                    ),
                    0,
                ),
                (
                    MemoryAddress(
                        103,
                    ),
                    0,
                ),
                (
                    MemoryAddress(
                        4294967292,
                    ),
                    0,
                ),
                (
                    MemoryAddress(
                        4294967293,
                    ),
                    0,
                ),
                (
                    MemoryAddress(
                        4294967294,
                    ),
                    2147483648,
                ),
                (
                    MemoryAddress(
                        4294967295,
                    ),
                    0,
                ),
            ],
        },
    ],
}
