---
source: processor/src/fast/tests/all_ops.rs
expression: fast_stack_outputs
---
Ok(
    StackOutputs {
        elements: [
            1,
            2,
            0,
            0,
            0,
            0,
            0,
            0,
            3163512968115493083,
            6460078594435188419,
            16309062981646046165,
            13324153680445286726,
            0,
            0,
            0,
            0,
        ],
    },
)
