---
source: processor/src/fast/tests/all_ops.rs
assertion_line: 134
expression: fast_stack_outputs
---
Ok(
    StackOutputs {
        elements: [
            1,
            2,
            3,
            0,
            0,
            0,
            0,
            0,
            4743544379302195070,
            16044501850818586713,
            829239957159713600,
            9310050456704025277,
            0,
            0,
            0,
            0,
        ],
    },
)
