---
source: crates/assembly/src/tests/imports.rs
expression: program
---
begin
    join
        basic_block
            push(2147483648)
            push(4294967294)
            mstore
            drop
            pad
            incr
            pad
            push(2)
            pad
        end
        external.0x5e439e365c56355bf06a9a0d5ee41d5fd34421a909ba9d193449d03b8d75842d
    end
end
