---
source: crates/assembly/src/tests.rs
expression: program
---
begin
    join
        join
            basic_block
                push(2147483648)
                push(4294967294)
                mstore
                drop
                push(4)
                push(3)
                noop
                noop
                noop
                noop
            end
            external.0x4de58cf9e6b63415a1ba9a40c425b01a49b34845e69a1dcd8c7b16e445cc0ae9
        end
        call.0x20234ee941e53a15886e733cc8e041198c6e90d2a16ea18ce1030e8c3596dd38
    end
end
