---
source: crates/assembly/src/tests.rs
expression: program
---
begin
    join
        join
            basic_block
                push(2147483648)
                push(4294967294)
                mstore
                drop
                asmOp(push.4, 1)
                push(4)
                asmOp(push.3, 1)
                push(3)
                noop
                noop
                noop
                noop
            end
            external.0x6137cce26c29125a20ffa80d4850d4c1dfa116d4365b8afed617998f62050c6f
        end
        asmOp(call.0x20234ee941e53a15886e733cc8e041198c6e90d2a16ea18ce1030e8c3596dd38, 1)
        call.0x20234ee941e53a15886e733cc8e041198c6e90d2a16ea18ce1030e8c3596dd38
    end
end
