---
source: crates/assembly/src/tests.rs
expression: program
---
begin
    join
        join
            basic_block
                push(2147483648)
                push(4294967294)
                mstore
                drop
                push(4)
                push(3)
                noop
                noop
                noop
                noop
            end
            external.0x08e1f0e6bc7033e00e3e2034409ddd7c61d80c8d9ca7e5a713ec167791066337
        end
        external.0x192ec0ead24ea5fe523c649b44a1d19a2e23cd1f3c11d5459c18167ca86f92b2
    end
end
