---
source: crates/assembly/src/tests.rs
expression: program
---
begin
    join
        basic_block
            push(2147483648)
            push(4294967294)
            mstore
            drop
            asmOp(push.1, 2)
            pad
            incr
            asmOp(push.0, 1)
            pad
            asmOp(push.2, 1)
            push(2)
            asmOp(push.0, 1)
            pad
        end
        external.0xdb212ddcf6bb142e387e0e58999e69813d9d6602a19c3fd4e33194f46a1b4c53
    end
end
